../Core/Src/main.c:59:6:led1_test	8	static
../Core/Src/main.c:62:6:led2_test	8	static
../Core/Src/main.c:65:6:led3_test	8	static
../Core/Src/main.c:68:6:led4_test	8	static
../Core/Src/main.c:71:6:led5_test	8	static
../Core/Src/main.c:80:5:main	8	static
../Core/Src/main.c:136:6:SystemClock_Config	72	static
../Core/Src/main.c:173:13:MX_TIM2_Init	32	static
../Core/Src/main.c:218:13:MX_GPIO_Init	32	static
../Core/Src/main.c:245:6:HAL_TIM_PeriodElapsedCallback	16	static
../Core/Src/main.c:254:6:Error_Handler	4	static,ignoring_inline_asm
